// Jest Snapshot v1, https://goo.gl/fbAQLP

exports[`matches snapshot 1`] = `
<div
  className="Home"
>
  <div
    className="container text-center card"
    id="homecard"
  >
    <div
      className="text-container mt-4"
    >
      <h1
        className="mb-4 font-weight-bold"
      >
        Jobly
      </h1>
      <p
        className="lead"
      >
        All the jobs in one, convenient place.
      </p>
      <ContextConsumer>
        <Component />
      </ContextConsumer>
    </div>
  </div>
</div>
`;
